Performing C SOURCE FILE Test CMAKE_HAVE_LIBC_PTHREAD failed with the following output:
Change Dir: /ws/external/ai_module/src/GridMapper/build/CMakeFiles/CMakeScratch/TryCompile-9uvaVI

Run Build Command(s):/usr/bin/make -f Makefile cmTC_6f27e/fast && /usr/bin/make  -f CMakeFiles/cmTC_6f27e.dir/build.make CMakeFiles/cmTC_6f27e.dir/build
make[1]: Entering directory '/ws/external/ai_module/src/GridMapper/build/CMakeFiles/CMakeScratch/TryCompile-9uvaVI'
Building C object CMakeFiles/cmTC_6f27e.dir/src.c.o
/usr/bin/cc -DCMAKE_HAVE_LIBC_PTHREAD   -o CMakeFiles/cmTC_6f27e.dir/src.c.o -c /ws/external/ai_module/src/GridMapper/build/CMakeFiles/CMakeScratch/TryCompile-9uvaVI/src.c
Linking C executable cmTC_6f27e
/home/docker/.local/lib/python3.8/site-packages/cmake/data/bin/cmake -E cmake_link_script CMakeFiles/cmTC_6f27e.dir/link.txt --verbose=1
/usr/bin/cc -rdynamic CMakeFiles/cmTC_6f27e.dir/src.c.o -o cmTC_6f27e 
/usr/bin/ld: CMakeFiles/cmTC_6f27e.dir/src.c.o: in function `main':
src.c:(.text+0x46): undefined reference to `pthread_create'
/usr/bin/ld: src.c:(.text+0x52): undefined reference to `pthread_detach'
/usr/bin/ld: src.c:(.text+0x5e): undefined reference to `pthread_cancel'
/usr/bin/ld: src.c:(.text+0x6f): undefined reference to `pthread_join'
collect2: error: ld returned 1 exit status
make[1]: *** [CMakeFiles/cmTC_6f27e.dir/build.make:99: cmTC_6f27e] Error 1
make[1]: Leaving directory '/ws/external/ai_module/src/GridMapper/build/CMakeFiles/CMakeScratch/TryCompile-9uvaVI'
make: *** [Makefile:127: cmTC_6f27e/fast] Error 2


Source file was:
#include <pthread.h>

static void* test_func(void* data)
{
  return data;
}

int main(void)
{
  pthread_t thread;
  pthread_create(&thread, NULL, test_func, NULL);
  pthread_detach(thread);
  pthread_cancel(thread);
  pthread_join(thread, NULL);
  pthread_atfork(NULL, NULL, NULL);
  pthread_exit(NULL);

  return 0;
}


Determining if the function pthread_create exists in the pthreads failed with the following output:
Change Dir: /ws/external/ai_module/src/GridMapper/build/CMakeFiles/CMakeScratch/TryCompile-xvxzEL

Run Build Command(s):/usr/bin/make -f Makefile cmTC_4d547/fast && /usr/bin/make  -f CMakeFiles/cmTC_4d547.dir/build.make CMakeFiles/cmTC_4d547.dir/build
make[1]: Entering directory '/ws/external/ai_module/src/GridMapper/build/CMakeFiles/CMakeScratch/TryCompile-xvxzEL'
Building C object CMakeFiles/cmTC_4d547.dir/CheckFunctionExists.c.o
/usr/bin/cc   -DCHECK_FUNCTION_EXISTS=pthread_create -o CMakeFiles/cmTC_4d547.dir/CheckFunctionExists.c.o -c /ws/external/ai_module/src/GridMapper/build/CMakeFiles/CMakeScratch/TryCompile-xvxzEL/CheckFunctionExists.c
Linking C executable cmTC_4d547
/home/docker/.local/lib/python3.8/site-packages/cmake/data/bin/cmake -E cmake_link_script CMakeFiles/cmTC_4d547.dir/link.txt --verbose=1
/usr/bin/cc  -DCHECK_FUNCTION_EXISTS=pthread_create -rdynamic CMakeFiles/cmTC_4d547.dir/CheckFunctionExists.c.o -o cmTC_4d547  -lpthreads 
/usr/bin/ld: cannot find -lpthreads
collect2: error: ld returned 1 exit status
make[1]: *** [CMakeFiles/cmTC_4d547.dir/build.make:99: cmTC_4d547] Error 1
make[1]: Leaving directory '/ws/external/ai_module/src/GridMapper/build/CMakeFiles/CMakeScratch/TryCompile-xvxzEL'
make: *** [Makefile:127: cmTC_4d547/fast] Error 2



